// Jest Snapshot v1, https://goo.gl/fbAQLP

exports[`should correctly render DosingMoments component 1`] = `
[
  <View
    style={
      {
        "alignItems": "center",
        "flexDirection": "row",
        "justifyContent": "center",
        "marginBottom": 10,
      }
    }
  >
    <Text
      style={
        [
          {
            "color": "#000000",
            "fontFamily": "System",
            "fontWeight": "400",
          },
          {
            "textAlign": "left",
          },
          [
            {
              "textAlign": "left",
            },
            {
              "color": "rgba(0, 0, 0, 0.87)",
              "fontFamily": "System",
              "fontWeight": "400",
              "writingDirection": "ltr",
            },
            [
              {
                "fontSize": 14,
                "letterSpacing": 0.25,
                "lineHeight": 20,
                "marginVertical": 2,
              },
              {
                "color": "rgb(28, 28, 30)",
                "fontSize": 16,
                "textAlign": "center",
              },
            ],
          ],
        ]
      }
    >
      – 
      07:00
    </Text>
    <View
      collapsable={false}
      style={
        {
          "backgroundColor": "#6cc3d5",
          "borderColor": "transparent",
          "borderRadius": 4,
          "borderStyle": "solid",
          "borderWidth": 0,
          "color": "#e8e8e8",
          "elevation": 2,
          "marginLeft": 5,
          "minWidth": "auto",
          "shadowColor": "#000000",
          "shadowOffset": {
            "height": 0.75,
            "width": 0,
          },
          "shadowOpacity": 0.24,
          "shadowRadius": 1.5,
        }
      }
    >
      <View
        accessibilityRole="button"
        accessibilityState={
          {
            "disabled": false,
          }
        }
        accessibilityValue={
          {
            "max": undefined,
            "min": undefined,
            "now": undefined,
            "text": undefined,
          }
        }
        accessible={true}
        focusable={true}
        onClick={[Function]}
        onResponderGrant={[Function]}
        onResponderMove={[Function]}
        onResponderRelease={[Function]}
        onResponderTerminate={[Function]}
        onResponderTerminationRequest={[Function]}
        onStartShouldSetResponder={[Function]}
        style={
          [
            {
              "overflow": "hidden",
            },
            {
              "borderRadius": 4,
            },
          ]
        }
        testID="Xanax_hour1"
      >
        <View
          style={
            [
              {
                "alignItems": "center",
                "flexDirection": "row",
                "justifyContent": "center",
              },
              {
                "flexDirection": "row-reverse",
              },
            ]
          }
        >
          <View
            style={
              {
                "marginLeft": -4,
                "marginRight": 12,
              }
            }
          >
            <Text />
          </View>
          <Text
            numberOfLines={1}
            selectable={false}
            style={
              [
                {
                  "color": "#000000",
                  "fontFamily": "System",
                  "fontWeight": "400",
                },
                {
                  "textAlign": "left",
                },
                [
                  {
                    "letterSpacing": 1,
                    "marginHorizontal": 16,
                    "marginVertical": 9,
                    "textAlign": "center",
                  },
                  {
                    "marginHorizontal": 8,
                  },
                  {
                    "textTransform": "uppercase",
                  },
                  {
                    "color": "#ffffff",
                    "fontFamily": "System",
                    "fontWeight": "500",
                  },
                  {
                    "fontFamily": "System",
                    "fontWeight": "500",
                  },
                  undefined,
                ],
              ]
            }
          >
            Już zażyłem/-am
          </Text>
        </View>
      </View>
    </View>
  </View>,
  <View
    style={
      {
        "alignItems": "center",
        "flexDirection": "row",
        "justifyContent": "center",
        "marginBottom": 10,
      }
    }
  >
    <Text
      style={
        [
          {
            "color": "#000000",
            "fontFamily": "System",
            "fontWeight": "400",
          },
          {
            "textAlign": "left",
          },
          [
            {
              "textAlign": "left",
            },
            {
              "color": "rgba(0, 0, 0, 0.87)",
              "fontFamily": "System",
              "fontWeight": "400",
              "writingDirection": "ltr",
            },
            [
              {
                "fontSize": 14,
                "letterSpacing": 0.25,
                "lineHeight": 20,
                "marginVertical": 2,
              },
              {
                "color": "rgb(28, 28, 30)",
                "fontSize": 16,
                "textAlign": "center",
              },
            ],
          ],
        ]
      }
    >
      – 
      18:00
    </Text>
    <View
      collapsable={false}
      style={
        {
          "backgroundColor": "#6cc3d5",
          "borderColor": "transparent",
          "borderRadius": 4,
          "borderStyle": "solid",
          "borderWidth": 0,
          "color": "#e8e8e8",
          "elevation": 0,
          "marginLeft": 5,
          "minWidth": "auto",
          "shadowColor": "#000000",
          "shadowOffset": {
            "height": 0,
            "width": 0,
          },
          "shadowOpacity": 0,
          "shadowRadius": 0,
        }
      }
    >
      <View
        accessibilityRole="button"
        accessibilityState={
          {
            "disabled": true,
          }
        }
        accessibilityValue={
          {
            "max": undefined,
            "min": undefined,
            "now": undefined,
            "text": undefined,
          }
        }
        accessible={true}
        focusable={true}
        onClick={[Function]}
        onResponderGrant={[Function]}
        onResponderMove={[Function]}
        onResponderRelease={[Function]}
        onResponderTerminate={[Function]}
        onResponderTerminationRequest={[Function]}
        onStartShouldSetResponder={[Function]}
        style={
          [
            {
              "overflow": "hidden",
            },
            {
              "borderRadius": 4,
            },
          ]
        }
        testID="Xanax_hour2"
      >
        <View
          style={
            [
              {
                "alignItems": "center",
                "flexDirection": "row",
                "justifyContent": "center",
              },
              {
                "flexDirection": "row-reverse",
              },
            ]
          }
        >
          <View
            style={
              {
                "marginLeft": -4,
                "marginRight": 12,
              }
            }
          >
            <Text />
          </View>
          <Text
            numberOfLines={1}
            selectable={false}
            style={
              [
                {
                  "color": "#000000",
                  "fontFamily": "System",
                  "fontWeight": "400",
                },
                {
                  "textAlign": "left",
                },
                [
                  {
                    "letterSpacing": 1,
                    "marginHorizontal": 16,
                    "marginVertical": 9,
                    "textAlign": "center",
                  },
                  {
                    "marginHorizontal": 8,
                  },
                  {
                    "textTransform": "uppercase",
                  },
                  {
                    "color": "rgba(0, 0, 0, 0.32)",
                    "fontFamily": "System",
                    "fontWeight": "500",
                  },
                  {
                    "fontFamily": "System",
                    "fontWeight": "500",
                  },
                  undefined,
                ],
              ]
            }
          >
            Już zażyłem/-am
          </Text>
        </View>
      </View>
    </View>
  </View>,
]
`;
