// Jest Snapshot v1, https://goo.gl/fbAQLP

exports[`should correctly render Drug component 1`] = `
<View
  style={
    {
      "borderColor": "#dadada",
      "borderRadius": 4,
      "borderStyle": "solid",
      "borderWidth": 1.75,
      "marginBottom": 10,
      "paddingBottom": 10,
      "paddingHorizontal": 15,
    }
  }
>
  <Text
    style={
      [
        {
          "color": "#000000",
          "fontFamily": "System",
          "fontWeight": "400",
        },
        {
          "textAlign": "left",
        },
        [
          {
            "textAlign": "left",
          },
          {
            "color": "rgba(0, 0, 0, 0.87)",
            "fontFamily": "System",
            "fontWeight": "500",
            "writingDirection": "ltr",
          },
          [
            {
              "fontSize": 20,
              "letterSpacing": 0.15,
              "lineHeight": 30,
              "marginVertical": 2,
            },
            {
              "textAlign": "center",
            },
          ],
        ],
      ]
    }
    testID="Xanax"
  >
    Xanax
     
    1
     
    szt.
     w godz.
  </Text>
  <View
    style={
      {
        "alignItems": "center",
        "flexDirection": "row",
        "justifyContent": "center",
        "marginBottom": 10,
      }
    }
  >
    <Text
      style={
        [
          {
            "color": "#000000",
            "fontFamily": "System",
            "fontWeight": "400",
          },
          {
            "textAlign": "left",
          },
          [
            {
              "textAlign": "left",
            },
            {
              "color": "rgba(0, 0, 0, 0.87)",
              "fontFamily": "System",
              "fontWeight": "400",
              "writingDirection": "ltr",
            },
            [
              {
                "fontSize": 14,
                "letterSpacing": 0.25,
                "lineHeight": 20,
                "marginVertical": 2,
              },
              {
                "fontSize": 16,
                "textAlign": "center",
              },
            ],
          ],
        ]
      }
    >
      – 
      07:00
    </Text>
    <View
      collapsable={false}
      style={
        {
          "backgroundColor": "#6cc3d5",
          "borderColor": "transparent",
          "borderRadius": 4,
          "borderStyle": "solid",
          "borderWidth": 0,
          "color": "#e8e8e8",
          "elevation": 0,
          "marginLeft": 5,
          "minWidth": "auto",
          "shadowColor": "#000000",
          "shadowOffset": {
            "height": 0,
            "width": 0,
          },
          "shadowOpacity": 0,
          "shadowRadius": 0,
        }
      }
    >
      <View
        accessibilityRole="button"
        accessibilityState={
          {
            "disabled": true,
          }
        }
        accessibilityValue={
          {
            "max": undefined,
            "min": undefined,
            "now": undefined,
            "text": undefined,
          }
        }
        accessible={true}
        focusable={true}
        onClick={[Function]}
        onResponderGrant={[Function]}
        onResponderMove={[Function]}
        onResponderRelease={[Function]}
        onResponderTerminate={[Function]}
        onResponderTerminationRequest={[Function]}
        onStartShouldSetResponder={[Function]}
        style={
          [
            {
              "overflow": "hidden",
            },
            {
              "borderRadius": 4,
            },
          ]
        }
        testID="Xanax_hour1"
      >
        <View
          style={
            [
              {
                "alignItems": "center",
                "flexDirection": "row",
                "justifyContent": "center",
              },
              {
                "flexDirection": "row-reverse",
              },
            ]
          }
        >
          <View
            style={
              {
                "marginLeft": -4,
                "marginRight": 12,
              }
            }
          >
            <Text />
          </View>
          <Text
            numberOfLines={1}
            selectable={false}
            style={
              [
                {
                  "color": "#000000",
                  "fontFamily": "System",
                  "fontWeight": "400",
                },
                {
                  "textAlign": "left",
                },
                [
                  {
                    "letterSpacing": 1,
                    "marginHorizontal": 16,
                    "marginVertical": 9,
                    "textAlign": "center",
                  },
                  {
                    "marginHorizontal": 8,
                  },
                  {
                    "textTransform": "uppercase",
                  },
                  {
                    "color": "rgba(0, 0, 0, 0.32)",
                    "fontFamily": "System",
                    "fontWeight": "500",
                  },
                  {
                    "fontFamily": "System",
                    "fontWeight": "500",
                  },
                  undefined,
                ],
              ]
            }
          >
            Już zażyłem/-am
          </Text>
        </View>
      </View>
    </View>
  </View>
  <View
    style={
      {
        "alignItems": "center",
        "flexDirection": "row",
        "justifyContent": "center",
        "marginBottom": 10,
      }
    }
  >
    <Text
      style={
        [
          {
            "color": "#000000",
            "fontFamily": "System",
            "fontWeight": "400",
          },
          {
            "textAlign": "left",
          },
          [
            {
              "textAlign": "left",
            },
            {
              "color": "rgba(0, 0, 0, 0.87)",
              "fontFamily": "System",
              "fontWeight": "400",
              "writingDirection": "ltr",
            },
            [
              {
                "fontSize": 14,
                "letterSpacing": 0.25,
                "lineHeight": 20,
                "marginVertical": 2,
              },
              {
                "fontSize": 16,
                "textAlign": "center",
              },
            ],
          ],
        ]
      }
    >
      – 
      18:00
    </Text>
    <View
      collapsable={false}
      style={
        {
          "backgroundColor": "#6cc3d5",
          "borderColor": "transparent",
          "borderRadius": 4,
          "borderStyle": "solid",
          "borderWidth": 0,
          "color": "#e8e8e8",
          "elevation": 0,
          "marginLeft": 5,
          "minWidth": "auto",
          "shadowColor": "#000000",
          "shadowOffset": {
            "height": 0,
            "width": 0,
          },
          "shadowOpacity": 0,
          "shadowRadius": 0,
        }
      }
    >
      <View
        accessibilityRole="button"
        accessibilityState={
          {
            "disabled": true,
          }
        }
        accessibilityValue={
          {
            "max": undefined,
            "min": undefined,
            "now": undefined,
            "text": undefined,
          }
        }
        accessible={true}
        focusable={true}
        onClick={[Function]}
        onResponderGrant={[Function]}
        onResponderMove={[Function]}
        onResponderRelease={[Function]}
        onResponderTerminate={[Function]}
        onResponderTerminationRequest={[Function]}
        onStartShouldSetResponder={[Function]}
        style={
          [
            {
              "overflow": "hidden",
            },
            {
              "borderRadius": 4,
            },
          ]
        }
        testID="Xanax_hour2"
      >
        <View
          style={
            [
              {
                "alignItems": "center",
                "flexDirection": "row",
                "justifyContent": "center",
              },
              {
                "flexDirection": "row-reverse",
              },
            ]
          }
        >
          <View
            style={
              {
                "marginLeft": -4,
                "marginRight": 12,
              }
            }
          >
            <Text />
          </View>
          <Text
            numberOfLines={1}
            selectable={false}
            style={
              [
                {
                  "color": "#000000",
                  "fontFamily": "System",
                  "fontWeight": "400",
                },
                {
                  "textAlign": "left",
                },
                [
                  {
                    "letterSpacing": 1,
                    "marginHorizontal": 16,
                    "marginVertical": 9,
                    "textAlign": "center",
                  },
                  {
                    "marginHorizontal": 8,
                  },
                  {
                    "textTransform": "uppercase",
                  },
                  {
                    "color": "rgba(0, 0, 0, 0.32)",
                    "fontFamily": "System",
                    "fontWeight": "500",
                  },
                  {
                    "fontFamily": "System",
                    "fontWeight": "500",
                  },
                  undefined,
                ],
              ]
            }
          >
            Już zażyłem/-am
          </Text>
        </View>
      </View>
    </View>
  </View>
  <View
    style={
      [
        {
          "marginVertical": 8,
        },
        {
          "borderColor": "#dadada",
          "borderRadius": 4,
          "borderStyle": "solid",
          "borderWidth": 1.75,
        },
      ]
    }
    theme={
      {
        "animation": {
          "scale": 1,
        },
        "colors": {
          "accent": "#03dac4",
          "backdrop": "rgba(0, 0, 0, 0.5)",
          "background": "#f6f6f6",
          "disabled": "rgba(0, 0, 0, 0.26)",
          "error": "#B00020",
          "notification": "#f50057",
          "onSurface": "#000000",
          "placeholder": "rgba(0, 0, 0, 0.54)",
          "primary": "#6200ee",
          "surface": "#ffffff",
          "text": "#000000",
        },
        "dark": false,
        "fonts": {
          "light": {
            "fontFamily": "System",
            "fontWeight": "300",
          },
          "medium": {
            "fontFamily": "System",
            "fontWeight": "500",
          },
          "regular": {
            "fontFamily": "System",
            "fontWeight": "400",
          },
          "thin": {
            "fontFamily": "System",
            "fontWeight": "100",
          },
        },
        "roundness": 4,
      }
    }
  >
    <View>
      <View
        style={
          {
            "backgroundColor": "#f6f6f6",
          }
        }
      >
        <View
          accessibilityRole="button"
          accessibilityState={
            {
              "disabled": false,
              "expanded": false,
            }
          }
          accessibilityValue={
            {
              "max": undefined,
              "min": undefined,
              "now": undefined,
              "text": undefined,
            }
          }
          accessible={true}
          focusable={true}
          onClick={[Function]}
          onResponderGrant={[Function]}
          onResponderMove={[Function]}
          onResponderRelease={[Function]}
          onResponderTerminate={[Function]}
          onResponderTerminationRequest={[Function]}
          onStartShouldSetResponder={[Function]}
          style={
            [
              {
                "overflow": "hidden",
              },
              [
                {
                  "padding": 8,
                },
                {
                  "backgroundColor": "rgba(227,226,226,0.3)",
                },
              ],
            ]
          }
          testID="details-Xanax"
        >
          <View
            pointerEvents="none"
            style={
              {
                "alignItems": "center",
                "flexDirection": "row",
              }
            }
          >
            <View
              style={
                [
                  {
                    "margin": 8,
                  },
                  {
                    "flex": 1,
                    "justifyContent": "center",
                  },
                ]
              }
            >
              <Text
                numberOfLines={1}
                selectable={false}
                style={
                  [
                    {
                      "color": "#000000",
                      "fontFamily": "System",
                      "fontWeight": "400",
                    },
                    {
                      "textAlign": "left",
                    },
                    [
                      {
                        "fontSize": 16,
                      },
                      {
                        "color": "rgba(0, 0, 0, 0.87)",
                      },
                      undefined,
                    ],
                  ]
                }
              >
                Wszystkie godziny zażywania
              </Text>
            </View>
            <View
              style={
                [
                  {
                    "margin": 8,
                  },
                  undefined,
                ]
              }
            >
              <Text />
            </View>
          </View>
        </View>
      </View>
    </View>
  </View>
</View>
`;
