// Jest Snapshot v1, https://goo.gl/fbAQLP

exports[`should correctly render SubmitButton 1`] = `
<View
  accessible={true}
  collapsable={false}
  focusable={true}
  onClick={[Function]}
  onResponderGrant={[Function]}
  onResponderMove={[Function]}
  onResponderRelease={[Function]}
  onResponderTerminate={[Function]}
  onResponderTerminationRequest={[Function]}
  onStartShouldSetResponder={[Function]}
  style={
    Object {
      "backgroundColor": "#78c2ad",
      "borderRadius": 24,
      "height": 50,
      "justifyContent": "center",
      "marginBottom": 20,
      "marginHorizontal": 15,
      "opacity": 1,
    }
  }
  testID="submit"
>
  <Text
    style={
      Object {
        "color": "#fff",
        "fontSize": 24,
        "fontWeight": "300",
        "textAlign": "center",
      }
    }
  >
    Zaloguj siÄ™
  </Text>
</View>
`;
