// Jest Snapshot v1, https://goo.gl/fbAQLP

exports[`should correctly render WelcomeModal 1`] = `
<View
  style={
    {
      "alignItems": "center",
      "flex": 1,
      "justifyContent": "center",
      "marginTop": 22,
    }
  }
>
  <Modal
    animationType="fade"
    hardwareAccelerated={false}
    onRequestClose={[Function]}
    testID="welcomeModal"
    visible={true}
  >
    <View
      style={
        {
          "alignItems": "center",
          "flex": 1,
          "justifyContent": "center",
          "marginTop": 22,
        }
      }
    >
      <View
        style={
          {
            "alignItems": "center",
            "backgroundColor": "white",
            "borderRadius": 20,
            "elevation": 5,
            "margin": 20,
            "padding": 35,
            "shadowColor": "#000",
            "shadowOffset": {
              "height": 2,
              "width": 0,
            },
            "shadowOpacity": 0.25,
            "shadowRadius": 4,
          }
        }
      >
        <Text
          style={
            {
              "fontSize": 22,
              "marginBottom": 15,
              "textAlign": "center",
            }
          }
        >
          Od teraz bÄ™dziesz otrzymywaÅ‚/-a powiadomienia ğŸ””, ktÃ³re bÄ™dÄ… Ci przypominaÄ‡ o zaÅ¼yciu lekÃ³w/suplementÃ³w ğŸ’Š lub koÅ„czÄ…cych siÄ™ zapasach
        </Text>
        <Text
          style={
            [
              {
                "fontSize": 22,
                "marginBottom": 15,
                "textAlign": "center",
              },
              {
                "color": "#525252",
                "fontSize": 20,
              },
            ]
          }
        >
          W godzinie zaÅ¼ycia medykamentu pojawi siÄ™ przycisk, dziÄ™ki ktÃ³remu potwierdzisz, Å¼e wÅ‚aÅ›nie zostaÅ‚ przez Ciebie przyjÄ™ty âœ…
        </Text>
        <View
          accessibilityState={
            {
              "busy": undefined,
              "checked": undefined,
              "disabled": undefined,
              "expanded": undefined,
              "selected": undefined,
            }
          }
          accessibilityValue={
            {
              "max": undefined,
              "min": undefined,
              "now": undefined,
              "text": undefined,
            }
          }
          accessible={true}
          collapsable={false}
          fillColor="#78c2ad"
          focusable={true}
          onBlur={[Function]}
          onClick={[Function]}
          onFocus={[Function]}
          onResponderGrant={[Function]}
          onResponderMove={[Function]}
          onResponderRelease={[Function]}
          onResponderTerminate={[Function]}
          onResponderTerminationRequest={[Function]}
          onStartShouldSetResponder={[Function]}
          style={
            [
              {
                "alignItems": "center",
                "flexDirection": "row",
              },
              {
                "marginBottom": 15,
              },
            ]
          }
          testID="welcomeMsgDisableCheckbox"
          text="Nie pokazuj mi tego wiÄ™cej"
          textStyle={
            {
              "textDecorationLine": "none",
            }
          }
        >
          <View
            collapsable={false}
            style={
              {
                "alignItems": "center",
                "backgroundColor": "transparent",
                "borderRadius": 12.5,
                "height": 25,
                "justifyContent": "center",
                "transform": [
                  {
                    "scale": 1,
                  },
                ],
                "width": 25,
              }
            }
          >
            <View
              style={
                [
                  {
                    "alignItems": "center",
                    "borderColor": "#78c2ad",
                    "borderRadius": 12.5,
                    "borderWidth": 1,
                    "height": 25,
                    "justifyContent": "center",
                    "width": 25,
                  },
                  undefined,
                ]
              }
            />
          </View>
          <View
            style={
              [
                {
                  "marginLeft": 16,
                },
                undefined,
              ]
            }
          >
            <Text
              style={
                [
                  {
                    "color": "#757575",
                    "fontSize": 16,
                    "textDecorationLine": "none",
                  },
                  {
                    "textDecorationLine": "none",
                  },
                ]
              }
            >
              Nie pokazuj mi tego wiÄ™cej
            </Text>
          </View>
        </View>
        <View
          accessibilityState={
            {
              "busy": undefined,
              "checked": undefined,
              "disabled": undefined,
              "expanded": undefined,
              "selected": undefined,
            }
          }
          accessibilityValue={
            {
              "max": undefined,
              "min": undefined,
              "now": undefined,
              "text": undefined,
            }
          }
          accessible={true}
          collapsable={false}
          focusable={true}
          onBlur={[Function]}
          onClick={[Function]}
          onFocus={[Function]}
          onResponderGrant={[Function]}
          onResponderMove={[Function]}
          onResponderRelease={[Function]}
          onResponderTerminate={[Function]}
          onResponderTerminationRequest={[Function]}
          onStartShouldSetResponder={[Function]}
          style={
            [
              {
                "borderRadius": 25,
                "elevation": 2,
                "padding": 15,
              },
              {
                "backgroundColor": "#2196F3",
              },
            ]
          }
        >
          <Text
            style={
              {
                "color": "white",
                "fontWeight": "bold",
                "textAlign": "center",
              }
            }
          >
            OK
          </Text>
        </View>
      </View>
    </View>
  </Modal>
</View>
`;
