// Jest Snapshot v1, https://goo.gl/fbAQLP

exports[`should correctly render Home screen 1`] = `
<RCTScrollView>
  <View>
    <Text
      style={
        {
          "fontSize": 32,
          "fontWeight": "500",
          "marginTop": 10,
          "textAlign": "center",
        }
      }
    >
      Monitorowanie rozpoczƒôte üëÅ
    </Text>
    <View
      collapsable={false}
      style={
        {
          "alignContent": "center",
          "backgroundColor": "#ffffff",
          "borderColor": "rgba(0, 0, 0, 0.12)",
          "borderRadius": 4,
          "elevation": 1,
          "margin": 10,
          "marginBottom": 20,
          "shadowColor": "#000000",
          "shadowOffset": {
            "height": 0.5,
            "width": 0,
          },
          "shadowOpacity": 0.24,
          "shadowRadius": 0.75,
        }
      }
    >
      <View
        accessibilityState={
          {
            "busy": undefined,
            "checked": undefined,
            "disabled": true,
            "expanded": undefined,
            "selected": undefined,
          }
        }
        accessible={true}
        focusable={false}
        onClick={[Function]}
        onResponderGrant={[Function]}
        onResponderMove={[Function]}
        onResponderRelease={[Function]}
        onResponderTerminate={[Function]}
        onResponderTerminationRequest={[Function]}
        onStartShouldSetResponder={[Function]}
        style={
          {
            "flexGrow": 1,
            "flexShrink": 1,
          }
        }
      >
        <View
          style={
            [
              {
                "alignItems": "center",
                "flexDirection": "row",
                "justifyContent": "space-between",
                "paddingLeft": 16,
              },
              {
                "minHeight": 50,
              },
              undefined,
            ]
          }
        >
          <View
            style={
              [
                {
                  "flex": 1,
                  "flexDirection": "column",
                  "justifyContent": "center",
                },
              ]
            }
          >
            <Text
              numberOfLines={1}
              style={
                [
                  {
                    "color": "#000000",
                    "fontFamily": "System",
                    "fontWeight": "400",
                  },
                  {
                    "textAlign": "left",
                  },
                  [
                    {
                      "textAlign": "left",
                    },
                    {
                      "color": "rgba(0, 0, 0, 0.87)",
                      "fontFamily": "System",
                      "fontWeight": "500",
                      "writingDirection": "ltr",
                    },
                    [
                      {
                        "fontSize": 20,
                        "letterSpacing": 0.15,
                        "lineHeight": 30,
                        "marginVertical": 2,
                      },
                      [
                        {
                          "minHeight": 30,
                          "paddingRight": 16,
                        },
                        {
                          "marginBottom": 2,
                        },
                        {
                          "color": "#252525",
                          "textAlign": "center",
                        },
                      ],
                    ],
                  ],
                ]
              }
            >
              W najbli≈ºszym czasie muszƒô za≈ºyƒá:
            </Text>
          </View>
          <View />
        </View>
        <View
          style={
            [
              {
                "paddingHorizontal": 16,
              },
              {
                "paddingBottom": 16,
              },
              undefined,
            ]
          }
        >
          <View
            accessibilityRole="progressbar"
            accessibilityState={
              {
                "busy": true,
              }
            }
            accessible={true}
            style={
              [
                {
                  "alignItems": "center",
                  "justifyContent": "center",
                },
                {
                  "marginBottom": 10,
                },
              ]
            }
          >
            <View
              collapsable={false}
              style={
                {
                  "height": 48,
                  "opacity": 1,
                  "width": 48,
                }
              }
            >
              <View
                collapsable={false}
                style={
                  {
                    "alignItems": "center",
                    "bottom": 0,
                    "justifyContent": "center",
                    "left": 0,
                    "position": "absolute",
                    "right": 0,
                    "top": 0,
                  }
                }
              >
                <View
                  collapsable={false}
                  style={
                    {
                      "height": 48,
                      "transform": [
                        {
                          "rotate": "45deg",
                        },
                      ],
                      "width": 48,
                    }
                  }
                >
                  <View
                    collapsable={false}
                    style={
                      {
                        "height": 24,
                        "overflow": "hidden",
                        "width": 48,
                      }
                    }
                  >
                    <View
                      collapsable={false}
                      style={
                        {
                          "height": 48,
                          "transform": [
                            {
                              "translateY": 0,
                            },
                            {
                              "rotate": "-165deg",
                            },
                          ],
                          "width": 48,
                        }
                      }
                    >
                      <View
                        collapsable={false}
                        style={
                          {
                            "height": 24,
                            "overflow": "hidden",
                            "width": 48,
                          }
                        }
                      >
                        <View
                          collapsable={false}
                          style={
                            {
                              "borderColor": "#80d8ff",
                              "borderRadius": 24,
                              "borderWidth": 4.8,
                              "height": 48,
                              "width": 48,
                            }
                          }
                        />
                      </View>
                    </View>
                  </View>
                </View>
              </View>
              <View
                collapsable={false}
                style={
                  {
                    "alignItems": "center",
                    "bottom": 0,
                    "justifyContent": "center",
                    "left": 0,
                    "position": "absolute",
                    "right": 0,
                    "top": 0,
                  }
                }
              >
                <View
                  collapsable={false}
                  style={
                    {
                      "height": 48,
                      "transform": [
                        {
                          "rotate": "45deg",
                        },
                      ],
                      "width": 48,
                    }
                  }
                >
                  <View
                    collapsable={false}
                    style={
                      {
                        "height": 24,
                        "overflow": "hidden",
                        "top": 24,
                        "width": 48,
                      }
                    }
                  >
                    <View
                      collapsable={false}
                      style={
                        {
                          "height": 48,
                          "transform": [
                            {
                              "translateY": -24,
                            },
                            {
                              "rotate": "345deg",
                            },
                          ],
                          "width": 48,
                        }
                      }
                    >
                      <View
                        collapsable={false}
                        style={
                          {
                            "height": 24,
                            "overflow": "hidden",
                            "width": 48,
                          }
                        }
                      >
                        <View
                          collapsable={false}
                          style={
                            {
                              "borderColor": "#80d8ff",
                              "borderRadius": 24,
                              "borderWidth": 4.8,
                              "height": 48,
                              "width": 48,
                            }
                          }
                        />
                      </View>
                    </View>
                  </View>
                </View>
              </View>
            </View>
          </View>
          <View
            collapsable={false}
            style={
              {
                "backgroundColor": "#78c2ad",
                "borderColor": "transparent",
                "borderRadius": 4,
                "borderStyle": "solid",
                "borderWidth": 0,
                "elevation": 2,
                "minWidth": 64,
                "shadowColor": "#000000",
                "shadowOffset": {
                  "height": 0.75,
                  "width": 0,
                },
                "shadowOpacity": 0.24,
                "shadowRadius": 1.5,
              }
            }
          >
            <View
              accessibilityRole="button"
              accessibilityState={
                {
                  "disabled": false,
                }
              }
              accessibilityValue={
                {
                  "max": undefined,
                  "min": undefined,
                  "now": undefined,
                  "text": undefined,
                }
              }
              accessible={true}
              focusable={true}
              onClick={[Function]}
              onResponderGrant={[Function]}
              onResponderMove={[Function]}
              onResponderRelease={[Function]}
              onResponderTerminate={[Function]}
              onResponderTerminationRequest={[Function]}
              onStartShouldSetResponder={[Function]}
              style={
                [
                  {
                    "overflow": "hidden",
                  },
                  {
                    "borderRadius": 4,
                  },
                ]
              }
              testID="refreshBtn"
            >
              <View
                style={
                  [
                    {
                      "alignItems": "center",
                      "flexDirection": "row",
                      "justifyContent": "center",
                    },
                    undefined,
                  ]
                }
              >
                <View
                  style={
                    {
                      "marginLeft": 12,
                      "marginRight": -4,
                    }
                  }
                >
                  <Text />
                </View>
                <Text
                  numberOfLines={1}
                  selectable={false}
                  style={
                    [
                      {
                        "color": "#000000",
                        "fontFamily": "System",
                        "fontWeight": "400",
                      },
                      {
                        "textAlign": "left",
                      },
                      [
                        {
                          "letterSpacing": 1,
                          "marginHorizontal": 16,
                          "marginVertical": 9,
                          "textAlign": "center",
                        },
                        undefined,
                        {
                          "textTransform": "uppercase",
                        },
                        {
                          "color": "#ffffff",
                          "fontFamily": "System",
                          "fontWeight": "500",
                        },
                        {
                          "fontFamily": "System",
                          "fontWeight": "500",
                        },
                        undefined,
                      ],
                    ]
                  }
                >
                  Od≈õwie≈º
                </Text>
              </View>
            </View>
          </View>
        </View>
      </View>
    </View>
    <View
      style={
        {
          "alignItems": "center",
          "flex": 1,
          "justifyContent": "center",
          "marginTop": 22,
        }
      }
    >
      <Modal
        animationType="fade"
        hardwareAccelerated={false}
        onRequestClose={[Function]}
        testID="welcomeModal"
        visible={true}
      >
        <View
          style={
            {
              "alignItems": "center",
              "flex": 1,
              "justifyContent": "center",
              "marginTop": 22,
            }
          }
        >
          <View
            style={
              {
                "alignItems": "center",
                "backgroundColor": "white",
                "borderRadius": 20,
                "elevation": 5,
                "margin": 20,
                "padding": 35,
                "shadowColor": "#000",
                "shadowOffset": {
                  "height": 2,
                  "width": 0,
                },
                "shadowOpacity": 0.25,
                "shadowRadius": 4,
              }
            }
          >
            <Text
              style={
                {
                  "fontSize": 22,
                  "marginBottom": 15,
                  "textAlign": "center",
                }
              }
            >
              Od teraz bƒôdziesz otrzymywa≈Ç/-a powiadomienia üîî, kt√≥re bƒôdƒÖ Ci przypominaƒá o za≈ºyciu lek√≥w/suplement√≥w üíä lub ko≈ÑczƒÖcych siƒô zapasach
            </Text>
            <Text
              style={
                [
                  {
                    "fontSize": 22,
                    "marginBottom": 15,
                    "textAlign": "center",
                  },
                  {
                    "color": "#525252",
                    "fontSize": 20,
                  },
                ]
              }
            >
              W godzinie za≈ºycia medykamentu pojawi siƒô przycisk, dziƒôki kt√≥remu potwierdzisz, ≈ºe w≈Ça≈õnie zosta≈Ç przez Ciebie przyjƒôty ‚úÖ
            </Text>
            <View
              accessibilityState={
                {
                  "busy": undefined,
                  "checked": undefined,
                  "disabled": undefined,
                  "expanded": undefined,
                  "selected": undefined,
                }
              }
              accessibilityValue={
                {
                  "max": undefined,
                  "min": undefined,
                  "now": undefined,
                  "text": undefined,
                }
              }
              accessible={true}
              collapsable={false}
              fillColor="#78c2ad"
              focusable={true}
              onBlur={[Function]}
              onClick={[Function]}
              onFocus={[Function]}
              onResponderGrant={[Function]}
              onResponderMove={[Function]}
              onResponderRelease={[Function]}
              onResponderTerminate={[Function]}
              onResponderTerminationRequest={[Function]}
              onStartShouldSetResponder={[Function]}
              style={
                [
                  {
                    "alignItems": "center",
                    "flexDirection": "row",
                  },
                  {
                    "marginBottom": 15,
                  },
                ]
              }
              testID="welcomeMsgDisableCheckbox"
              text="Nie pokazuj mi tego wiƒôcej"
              textStyle={
                {
                  "textDecorationLine": "none",
                }
              }
            >
              <View
                collapsable={false}
                style={
                  {
                    "alignItems": "center",
                    "backgroundColor": "transparent",
                    "borderRadius": 12.5,
                    "height": 25,
                    "justifyContent": "center",
                    "transform": [
                      {
                        "scale": 1,
                      },
                    ],
                    "width": 25,
                  }
                }
              >
                <View
                  style={
                    [
                      {
                        "alignItems": "center",
                        "borderColor": "#78c2ad",
                        "borderRadius": 12.5,
                        "borderWidth": 1,
                        "height": 25,
                        "justifyContent": "center",
                        "width": 25,
                      },
                      undefined,
                    ]
                  }
                />
              </View>
              <View
                style={
                  [
                    {
                      "marginLeft": 16,
                    },
                    undefined,
                  ]
                }
              >
                <Text
                  style={
                    [
                      {
                        "color": "#757575",
                        "fontSize": 16,
                        "textDecorationLine": "none",
                      },
                      {
                        "textDecorationLine": "none",
                      },
                    ]
                  }
                >
                  Nie pokazuj mi tego wiƒôcej
                </Text>
              </View>
            </View>
            <View
              accessibilityState={
                {
                  "busy": undefined,
                  "checked": undefined,
                  "disabled": undefined,
                  "expanded": undefined,
                  "selected": undefined,
                }
              }
              accessibilityValue={
                {
                  "max": undefined,
                  "min": undefined,
                  "now": undefined,
                  "text": undefined,
                }
              }
              accessible={true}
              collapsable={false}
              focusable={true}
              onBlur={[Function]}
              onClick={[Function]}
              onFocus={[Function]}
              onResponderGrant={[Function]}
              onResponderMove={[Function]}
              onResponderRelease={[Function]}
              onResponderTerminate={[Function]}
              onResponderTerminationRequest={[Function]}
              onStartShouldSetResponder={[Function]}
              style={
                [
                  {
                    "borderRadius": 25,
                    "elevation": 2,
                    "padding": 15,
                  },
                  {
                    "backgroundColor": "#2196F3",
                  },
                ]
              }
            >
              <Text
                style={
                  {
                    "color": "white",
                    "fontWeight": "bold",
                    "textAlign": "center",
                  }
                }
              >
                OK
              </Text>
            </View>
          </View>
        </View>
      </Modal>
    </View>
    <View
      accessibilityState={
        {
          "busy": undefined,
          "checked": undefined,
          "disabled": undefined,
          "expanded": undefined,
          "selected": undefined,
        }
      }
      accessibilityValue={
        {
          "max": undefined,
          "min": undefined,
          "now": undefined,
          "text": undefined,
        }
      }
      accessible={true}
      collapsable={false}
      focusable={true}
      onClick={[Function]}
      onResponderGrant={[Function]}
      onResponderMove={[Function]}
      onResponderRelease={[Function]}
      onResponderTerminate={[Function]}
      onResponderTerminationRequest={[Function]}
      onStartShouldSetResponder={[Function]}
      style={
        {
          "backgroundColor": "#f38c4c",
          "borderRadius": 24,
          "height": 50,
          "justifyContent": "center",
          "marginBottom": 20,
          "marginHorizontal": 15,
          "opacity": 1,
        }
      }
      testID="btn-pill"
    >
      <Text
        style={
          {
            "color": "#fff",
            "fontSize": 24,
            "fontWeight": "300",
            "textAlign": "center",
          }
        }
      >
        Wyloguj siƒô
      </Text>
    </View>
  </View>
</RCTScrollView>
`;
